

Start scanning http://localhost:9000/ignore for mixed content
=============================================================

http://localhost:9000/ignore: ok

Scan results
============

Found 1 pages without mixed content

